// Vitest Snapshot v1, https://vitest.dev/guide/snapshot.html

exports[`computeProjectionStats > regression: matches snapshot against real data.json 1`] = `
{
  "dateSimulated": "Jul 20, 2026",
  "dateTarget": "Jun 5, 2026",
  "historicalRate": "0.53",
  "lbsRemaining": "7.2",
  "navelAtGoalDate": "29.83",
  "navelCurrentRate": "-0.114",
  "simulatedRate": "0.53",
  "targetRate": "1.00",
}
`;
